Archive member included to satisfy reference by file (symbol)

c:/program files (x86)/atmel/studio/7.0/toolchain/avr8/avr8-gnu-toolchain/bin/../lib/gcc/avr/5.4.0/avr5\libgcc.a(_exit.o)
                              C:/Program Files (x86)/Atmel/Studio/7.0/Packs/atmel/ATmega_DFP/1.6.364/gcc/dev/atmega32/avr5/crtatmega32.o (exit)
c:/program files (x86)/atmel/studio/7.0/toolchain/avr8/avr8-gnu-toolchain/bin/../lib/gcc/avr/5.4.0/avr5\libgcc.a(_copy_data.o)
                              APP/App.o (__do_copy_data)
c:/program files (x86)/atmel/studio/7.0/toolchain/avr8/avr8-gnu-toolchain/bin/../lib/gcc/avr/5.4.0/avr5\libgcc.a(_clear_bss.o)
                              APP/App.o (__do_clear_bss)

Allocating common symbols
Common symbol       size              file

recieved            0x1               APP/App.o
EEpromdata          0x5               APP/App.o
EEpromPandata       0xa               APP/App.o
check               0xc               APP/App.o
data                0xf               APP/App.o
recievedspi         0x1               APP/App.o

Discarded input sections

 .data          0x00000000        0x0 C:/Program Files (x86)/Atmel/Studio/7.0/Packs/atmel/ATmega_DFP/1.6.364/gcc/dev/atmega32/avr5/crtatmega32.o
 .bss           0x00000000        0x0 C:/Program Files (x86)/Atmel/Studio/7.0/Packs/atmel/ATmega_DFP/1.6.364/gcc/dev/atmega32/avr5/crtatmega32.o
 .text          0x00000000        0x0 APP/App.o
 .data          0x00000000        0x0 APP/App.o
 .bss           0x00000000        0x0 APP/App.o
 .text          0x00000000        0x0 APP/main.o
 .data          0x00000000        0x0 APP/main.o
 .bss           0x00000000        0x0 APP/main.o
 .text          0x00000000        0x0 HAL/EEPROM/EEPROM.o
 .data          0x00000000        0x0 HAL/EEPROM/EEPROM.o
 .bss           0x00000000        0x0 HAL/EEPROM/EEPROM.o
 .text          0x00000000        0x0 MCAL/DIO/DIO.o
 .data          0x00000000        0x0 MCAL/DIO/DIO.o
 .bss           0x00000000        0x0 MCAL/DIO/DIO.o
 .text.DIO_setPinDirection
                0x00000000      0x102 MCAL/DIO/DIO.o
 .text.DIO_togglePin
                0x00000000       0x84 MCAL/DIO/DIO.o
 .text.DIO_readPin
                0x00000000       0xe2 MCAL/DIO/DIO.o
 .text.DIO_readPort
                0x00000000       0x44 MCAL/DIO/DIO.o
 .text.DIO_writePin
                0x00000000      0x102 MCAL/DIO/DIO.o
 .text.DIO_writePort
                0x00000000       0x34 MCAL/DIO/DIO.o
 .text          0x00000000        0x0 MCAL/I2C/I2C.o
 .data          0x00000000        0x0 MCAL/I2C/I2C.o
 .bss           0x00000000        0x0 MCAL/I2C/I2C.o
 .text.I2C_SetSlaveAddress
                0x00000000        0xc MCAL/I2C/I2C.o
 .text.I2C_ReadAck
                0x00000000       0x28 MCAL/I2C/I2C.o
 .text.I2C_Status
                0x00000000       0x1e MCAL/I2C/I2C.o
 .text.I2C_EnableInterrupt
                0x00000000       0x12 MCAL/I2C/I2C.o
 .text.I2C_DisableInterrupt
                0x00000000       0x12 MCAL/I2C/I2C.o
 .text.I2C_SetCallback
                0x00000000       0x28 MCAL/I2C/I2C.o
 .text          0x00000000        0x0 MCAL/SPI/SPI.o
 .data          0x00000000        0x0 MCAL/SPI/SPI.o
 .bss           0x00000000        0x0 MCAL/SPI/SPI.o
 .text.SPI_MasterTransmit
                0x00000000       0x14 MCAL/SPI/SPI.o
 .text          0x00000000        0x0 MCAL/UART/UART.o
 .data          0x00000000        0x0 MCAL/UART/UART.o
 .bss           0x00000000        0x0 MCAL/UART/UART.o
 .text          0x00000000        0x0 utils.o
 .data          0x00000000        0x0 utils.o
 .bss           0x00000000        0x0 utils.o
 .text.StringCompare
                0x00000000       0x42 utils.o
 .text.StringLength
                0x00000000       0x1a utils.o
 .text          0x00000000        0x0 c:/program files (x86)/atmel/studio/7.0/toolchain/avr8/avr8-gnu-toolchain/bin/../lib/gcc/avr/5.4.0/avr5\libgcc.a(_exit.o)
 .data          0x00000000        0x0 c:/program files (x86)/atmel/studio/7.0/toolchain/avr8/avr8-gnu-toolchain/bin/../lib/gcc/avr/5.4.0/avr5\libgcc.a(_exit.o)
 .bss           0x00000000        0x0 c:/program files (x86)/atmel/studio/7.0/toolchain/avr8/avr8-gnu-toolchain/bin/../lib/gcc/avr/5.4.0/avr5\libgcc.a(_exit.o)
 .text.libgcc.mul
                0x00000000        0x0 c:/program files (x86)/atmel/studio/7.0/toolchain/avr8/avr8-gnu-toolchain/bin/../lib/gcc/avr/5.4.0/avr5\libgcc.a(_exit.o)
 .text.libgcc.div
                0x00000000        0x0 c:/program files (x86)/atmel/studio/7.0/toolchain/avr8/avr8-gnu-toolchain/bin/../lib/gcc/avr/5.4.0/avr5\libgcc.a(_exit.o)
 .text.libgcc   0x00000000        0x0 c:/program files (x86)/atmel/studio/7.0/toolchain/avr8/avr8-gnu-toolchain/bin/../lib/gcc/avr/5.4.0/avr5\libgcc.a(_exit.o)
 .text.libgcc.prologue
                0x00000000        0x0 c:/program files (x86)/atmel/studio/7.0/toolchain/avr8/avr8-gnu-toolchain/bin/../lib/gcc/avr/5.4.0/avr5\libgcc.a(_exit.o)
 .text.libgcc.builtins
                0x00000000        0x0 c:/program files (x86)/atmel/studio/7.0/toolchain/avr8/avr8-gnu-toolchain/bin/../lib/gcc/avr/5.4.0/avr5\libgcc.a(_exit.o)
 .text.libgcc.fmul
                0x00000000        0x0 c:/program files (x86)/atmel/studio/7.0/toolchain/avr8/avr8-gnu-toolchain/bin/../lib/gcc/avr/5.4.0/avr5\libgcc.a(_exit.o)
 .text.libgcc.fixed
                0x00000000        0x0 c:/program files (x86)/atmel/studio/7.0/toolchain/avr8/avr8-gnu-toolchain/bin/../lib/gcc/avr/5.4.0/avr5\libgcc.a(_exit.o)
 .text          0x00000000        0x0 c:/program files (x86)/atmel/studio/7.0/toolchain/avr8/avr8-gnu-toolchain/bin/../lib/gcc/avr/5.4.0/avr5\libgcc.a(_copy_data.o)
 .data          0x00000000        0x0 c:/program files (x86)/atmel/studio/7.0/toolchain/avr8/avr8-gnu-toolchain/bin/../lib/gcc/avr/5.4.0/avr5\libgcc.a(_copy_data.o)
 .bss           0x00000000        0x0 c:/program files (x86)/atmel/studio/7.0/toolchain/avr8/avr8-gnu-toolchain/bin/../lib/gcc/avr/5.4.0/avr5\libgcc.a(_copy_data.o)
 .text.libgcc.mul
                0x00000000        0x0 c:/program files (x86)/atmel/studio/7.0/toolchain/avr8/avr8-gnu-toolchain/bin/../lib/gcc/avr/5.4.0/avr5\libgcc.a(_copy_data.o)
 .text.libgcc.div
                0x00000000        0x0 c:/program files (x86)/atmel/studio/7.0/toolchain/avr8/avr8-gnu-toolchain/bin/../lib/gcc/avr/5.4.0/avr5\libgcc.a(_copy_data.o)
 .text.libgcc   0x00000000        0x0 c:/program files (x86)/atmel/studio/7.0/toolchain/avr8/avr8-gnu-toolchain/bin/../lib/gcc/avr/5.4.0/avr5\libgcc.a(_copy_data.o)
 .text.libgcc.prologue
                0x00000000        0x0 c:/program files (x86)/atmel/studio/7.0/toolchain/avr8/avr8-gnu-toolchain/bin/../lib/gcc/avr/5.4.0/avr5\libgcc.a(_copy_data.o)
 .text.libgcc.builtins
                0x00000000        0x0 c:/program files (x86)/atmel/studio/7.0/toolchain/avr8/avr8-gnu-toolchain/bin/../lib/gcc/avr/5.4.0/avr5\libgcc.a(_copy_data.o)
 .text.libgcc.fmul
                0x00000000        0x0 c:/program files (x86)/atmel/studio/7.0/toolchain/avr8/avr8-gnu-toolchain/bin/../lib/gcc/avr/5.4.0/avr5\libgcc.a(_copy_data.o)
 .text.libgcc.fixed
                0x00000000        0x0 c:/program files (x86)/atmel/studio/7.0/toolchain/avr8/avr8-gnu-toolchain/bin/../lib/gcc/avr/5.4.0/avr5\libgcc.a(_copy_data.o)
 .text          0x00000000        0x0 c:/program files (x86)/atmel/studio/7.0/toolchain/avr8/avr8-gnu-toolchain/bin/../lib/gcc/avr/5.4.0/avr5\libgcc.a(_clear_bss.o)
 .data          0x00000000        0x0 c:/program files (x86)/atmel/studio/7.0/toolchain/avr8/avr8-gnu-toolchain/bin/../lib/gcc/avr/5.4.0/avr5\libgcc.a(_clear_bss.o)
 .bss           0x00000000        0x0 c:/program files (x86)/atmel/studio/7.0/toolchain/avr8/avr8-gnu-toolchain/bin/../lib/gcc/avr/5.4.0/avr5\libgcc.a(_clear_bss.o)
 .text.libgcc.mul
                0x00000000        0x0 c:/program files (x86)/atmel/studio/7.0/toolchain/avr8/avr8-gnu-toolchain/bin/../lib/gcc/avr/5.4.0/avr5\libgcc.a(_clear_bss.o)
 .text.libgcc.div
                0x00000000        0x0 c:/program files (x86)/atmel/studio/7.0/toolchain/avr8/avr8-gnu-toolchain/bin/../lib/gcc/avr/5.4.0/avr5\libgcc.a(_clear_bss.o)
 .text.libgcc   0x00000000        0x0 c:/program files (x86)/atmel/studio/7.0/toolchain/avr8/avr8-gnu-toolchain/bin/../lib/gcc/avr/5.4.0/avr5\libgcc.a(_clear_bss.o)
 .text.libgcc.prologue
                0x00000000        0x0 c:/program files (x86)/atmel/studio/7.0/toolchain/avr8/avr8-gnu-toolchain/bin/../lib/gcc/avr/5.4.0/avr5\libgcc.a(_clear_bss.o)
 .text.libgcc.builtins
                0x00000000        0x0 c:/program files (x86)/atmel/studio/7.0/toolchain/avr8/avr8-gnu-toolchain/bin/../lib/gcc/avr/5.4.0/avr5\libgcc.a(_clear_bss.o)
 .text.libgcc.fmul
                0x00000000        0x0 c:/program files (x86)/atmel/studio/7.0/toolchain/avr8/avr8-gnu-toolchain/bin/../lib/gcc/avr/5.4.0/avr5\libgcc.a(_clear_bss.o)
 .text.libgcc.fixed
                0x00000000        0x0 c:/program files (x86)/atmel/studio/7.0/toolchain/avr8/avr8-gnu-toolchain/bin/../lib/gcc/avr/5.4.0/avr5\libgcc.a(_clear_bss.o)

Memory Configuration

Name             Origin             Length             Attributes
text             0x00000000         0x00008000         xr
data             0x00800060         0x00000800         rw !x
eeprom           0x00810000         0x00000400         rw !x
fuse             0x00820000         0x00000002         rw !x
lock             0x00830000         0x00000400         rw !x
signature        0x00840000         0x00000400         rw !x
user_signatures  0x00850000         0x00000400         rw !x
*default*        0x00000000         0xffffffff

Linker script and memory map

LOAD C:/Program Files (x86)/Atmel/Studio/7.0/Packs/atmel/ATmega_DFP/1.6.364/gcc/dev/atmega32/avr5/crtatmega32.o
LOAD APP/App.o
LOAD APP/main.o
LOAD HAL/EEPROM/EEPROM.o
LOAD MCAL/DIO/DIO.o
LOAD MCAL/I2C/I2C.o
LOAD MCAL/SPI/SPI.o
LOAD MCAL/UART/UART.o
LOAD utils.o
START GROUP
LOAD c:/program files (x86)/atmel/studio/7.0/toolchain/avr8/avr8-gnu-toolchain/bin/../lib/gcc/avr/5.4.0/../../../../avr/lib/avr5\libm.a
END GROUP
START GROUP
LOAD c:/program files (x86)/atmel/studio/7.0/toolchain/avr8/avr8-gnu-toolchain/bin/../lib/gcc/avr/5.4.0/avr5\libgcc.a
LOAD c:/program files (x86)/atmel/studio/7.0/toolchain/avr8/avr8-gnu-toolchain/bin/../lib/gcc/avr/5.4.0/../../../../avr/lib/avr5\libm.a
LOAD c:/program files (x86)/atmel/studio/7.0/toolchain/avr8/avr8-gnu-toolchain/bin/../lib/gcc/avr/5.4.0/../../../../avr/lib/avr5\libc.a
LOAD C:/Program Files (x86)/Atmel/Studio/7.0/Packs/atmel/ATmega_DFP/1.6.364/gcc/dev/atmega32/avr5\libatmega32.a
END GROUP
                0x00000000                __TEXT_REGION_ORIGIN__ = DEFINED (__TEXT_REGION_ORIGIN__)?__TEXT_REGION_ORIGIN__:0x0
                [0x00800060]                __DATA_REGION_ORIGIN__ = DEFINED (__DATA_REGION_ORIGIN__)?__DATA_REGION_ORIGIN__:0x800060
                [0x00008000]                __TEXT_REGION_LENGTH__ = DEFINED (__TEXT_REGION_LENGTH__)?__TEXT_REGION_LENGTH__:0x20000
                [0x00000800]                __DATA_REGION_LENGTH__ = DEFINED (__DATA_REGION_LENGTH__)?__DATA_REGION_LENGTH__:0xffa0
                [0x00000400]                __EEPROM_REGION_LENGTH__ = DEFINED (__EEPROM_REGION_LENGTH__)?__EEPROM_REGION_LENGTH__:0x10000
                [0x00000002]                __FUSE_REGION_LENGTH__ = DEFINED (__FUSE_REGION_LENGTH__)?__FUSE_REGION_LENGTH__:0x400
                0x00000400                __LOCK_REGION_LENGTH__ = DEFINED (__LOCK_REGION_LENGTH__)?__LOCK_REGION_LENGTH__:0x400
                0x00000400                __SIGNATURE_REGION_LENGTH__ = DEFINED (__SIGNATURE_REGION_LENGTH__)?__SIGNATURE_REGION_LENGTH__:0x400
                0x00000400                __USER_SIGNATURE_REGION_LENGTH__ = DEFINED (__USER_SIGNATURE_REGION_LENGTH__)?__USER_SIGNATURE_REGION_LENGTH__:0x400

.hash
 *(.hash)

.dynsym
 *(.dynsym)

.dynstr
 *(.dynstr)

.gnu.version
 *(.gnu.version)

.gnu.version_d
 *(.gnu.version_d)

.gnu.version_r
 *(.gnu.version_r)

.rel.init
 *(.rel.init)

.rela.init
 *(.rela.init)

.rel.text
 *(.rel.text)
 *(.rel.text.*)
 *(.rel.gnu.linkonce.t*)

.rela.text
 *(.rela.text)
 *(.rela.text.*)
 *(.rela.gnu.linkonce.t*)

.rel.fini
 *(.rel.fini)

.rela.fini
 *(.rela.fini)

.rel.rodata
 *(.rel.rodata)
 *(.rel.rodata.*)
 *(.rel.gnu.linkonce.r*)

.rela.rodata
 *(.rela.rodata)
 *(.rela.rodata.*)
 *(.rela.gnu.linkonce.r*)

.rel.data
 *(.rel.data)
 *(.rel.data.*)
 *(.rel.gnu.linkonce.d*)

.rela.data
 *(.rela.data)
 *(.rela.data.*)
 *(.rela.gnu.linkonce.d*)

.rel.ctors
 *(.rel.ctors)

.rela.ctors
 *(.rela.ctors)

.rel.dtors
 *(.rel.dtors)

.rela.dtors
 *(.rela.dtors)

.rel.got
 *(.rel.got)

.rela.got
 *(.rela.got)

.rel.bss
 *(.rel.bss)

.rela.bss
 *(.rela.bss)

.rel.plt
 *(.rel.plt)

.rela.plt
 *(.rela.plt)

.text           0x00000000      0x73c
 *(.vectors)
 .vectors       0x00000000       0x54 C:/Program Files (x86)/Atmel/Studio/7.0/Packs/atmel/ATmega_DFP/1.6.364/gcc/dev/atmega32/avr5/crtatmega32.o
                0x00000000                __vector_default
                0x00000000                __vectors
 *(.vectors)
 *(.progmem.gcc*)
                0x00000054                . = ALIGN (0x2)
                0x00000054                __trampolines_start = .
 *(.trampolines)
 .trampolines   0x00000054        0x0 linker stubs
 *(.trampolines*)
                0x00000054                __trampolines_end = .
 *libprintf_flt.a:*(.progmem.data)
 *libc.a:*(.progmem.data)
 *(.progmem*)
                0x00000054                . = ALIGN (0x2)
 *(.jumptables)
 *(.jumptables*)
 *(.lowtext)
 *(.lowtext*)
                0x00000054                __ctors_start = .
 *(.ctors)
                0x00000054                __ctors_end = .
                0x00000054                __dtors_start = .
 *(.dtors)
                0x00000054                __dtors_end = .
 SORT(*)(.ctors)
 SORT(*)(.dtors)
 *(.init0)
 .init0         0x00000054        0x0 C:/Program Files (x86)/Atmel/Studio/7.0/Packs/atmel/ATmega_DFP/1.6.364/gcc/dev/atmega32/avr5/crtatmega32.o
                0x00000054                __init
 *(.init0)
 *(.init1)
 *(.init1)
 *(.init2)
 .init2         0x00000054        0xc C:/Program Files (x86)/Atmel/Studio/7.0/Packs/atmel/ATmega_DFP/1.6.364/gcc/dev/atmega32/avr5/crtatmega32.o
 *(.init2)
 *(.init3)
 *(.init3)
 *(.init4)
 .init4         0x00000060       0x16 c:/program files (x86)/atmel/studio/7.0/toolchain/avr8/avr8-gnu-toolchain/bin/../lib/gcc/avr/5.4.0/avr5\libgcc.a(_copy_data.o)
                0x00000060                __do_copy_data
 .init4         0x00000076       0x10 c:/program files (x86)/atmel/studio/7.0/toolchain/avr8/avr8-gnu-toolchain/bin/../lib/gcc/avr/5.4.0/avr5\libgcc.a(_clear_bss.o)
                0x00000076                __do_clear_bss
 *(.init4)
 *(.init5)
 *(.init5)
 *(.init6)
 *(.init6)
 *(.init7)
 *(.init7)
 *(.init8)
 *(.init8)
 *(.init9)
 .init9         0x00000086        0x8 C:/Program Files (x86)/Atmel/Studio/7.0/Packs/atmel/ATmega_DFP/1.6.364/gcc/dev/atmega32/avr5/crtatmega32.o
 *(.init9)
 *(.text)
 .text          0x0000008e        0x4 C:/Program Files (x86)/Atmel/Studio/7.0/Packs/atmel/ATmega_DFP/1.6.364/gcc/dev/atmega32/avr5/crtatmega32.o
                0x0000008e                __vector_1
                0x0000008e                __vector_12
                0x0000008e                __bad_interrupt
                0x0000008e                __vector_6
                0x0000008e                __vector_3
                0x0000008e                __vector_11
                0x0000008e                __vector_13
                0x0000008e                __vector_17
                0x0000008e                __vector_19
                0x0000008e                __vector_7
                0x0000008e                __vector_5
                0x0000008e                __vector_4
                0x0000008e                __vector_9
                0x0000008e                __vector_2
                0x0000008e                __vector_15
                0x0000008e                __vector_8
                0x0000008e                __vector_14
                0x0000008e                __vector_10
                0x0000008e                __vector_16
                0x0000008e                __vector_18
                0x0000008e                __vector_20
                0x00000092                . = ALIGN (0x2)
 *(.text.*)
 .text.SPI_UART_DataAvailable
                0x00000092       0x18 APP/App.o
                0x00000092                SPI_UART_DataAvailable
 .text.operation
                0x000000aa       0xb8 APP/App.o
                0x000000aa                operation
 .text.PIN_NotInteger
                0x00000162       0x22 APP/App.o
                0x00000162                PIN_NotInteger
 .text.Admin_Mode
                0x00000184      0x100 APP/App.o
                0x00000184                Admin_Mode
 .text.System_Update
                0x00000284       0x1a APP/App.o
                0x00000284                System_Update
 .text.EEPROM_Empty
                0x0000029e       0xa4 APP/App.o
                0x0000029e                EEPROM_Empty
 .text.System_Init
                0x00000342       0x32 APP/App.o
                0x00000342                System_Init
 .text.main     0x00000374        0xa APP/main.o
                0x00000374                main
 .text.EEPROM_Init
                0x0000037e       0x1a HAL/EEPROM/EEPROM.o
                0x0000037e                EEPROM_Init
 .text.EEPROM_Read
                0x00000398       0x82 HAL/EEPROM/EEPROM.o
                0x00000398                EEPROM_Read
 .text.EEPROM_Write
                0x0000041a       0x62 HAL/EEPROM/EEPROM.o
                0x0000041a                EEPROM_Write
 .text.EEPROM_ReadBytes
                0x0000047c       0x4c HAL/EEPROM/EEPROM.o
                0x0000047c                EEPROM_ReadBytes
 .text.EEPROM_WriteBytes
                0x000004c8       0x5a HAL/EEPROM/EEPROM.o
                0x000004c8                EEPROM_WriteBytes
 .text.DIO_setPortDirection
                0x00000522       0x64 MCAL/DIO/DIO.o
                0x00000522                DIO_setPortDirection
 .text.I2C_Init
                0x00000586       0x18 MCAL/I2C/I2C.o
                0x00000586                I2C_Init
 .text.I2C_Start
                0x0000059e       0x16 MCAL/I2C/I2C.o
                0x0000059e                I2C_Start
 .text.I2C_RepeatedStart
                0x000005b4       0x18 MCAL/I2C/I2C.o
                0x000005b4                I2C_RepeatedStart
 .text.I2C_Write
                0x000005cc       0x18 MCAL/I2C/I2C.o
                0x000005cc                I2C_Write
 .text.I2C_ReadNoAck
                0x000005e4       0x28 MCAL/I2C/I2C.o
                0x000005e4                I2C_ReadNoAck
 .text.I2C_Stop
                0x0000060c       0x18 MCAL/I2C/I2C.o
                0x0000060c                I2C_Stop
 .text.SPI_vdInit
                0x00000624        0xa MCAL/SPI/SPI.o
                0x00000624                SPI_vdInit
 .text.SPI_SlaveReceive
                0x0000062e        0xa MCAL/SPI/SPI.o
                0x0000062e                SPI_SlaveReceive
 .text.SPI_IsDataReady
                0x00000638       0x10 MCAL/SPI/SPI.o
                0x00000638                SPI_IsDataReady
 .text.UART_vdInit
                0x00000648       0x10 MCAL/UART/UART.o
                0x00000648                UART_vdInit
 .text.UART_vdSendByte
                0x00000658        0x8 MCAL/UART/UART.o
                0x00000658                UART_vdSendByte
 .text.UART_uint8_tGetByte
                0x00000660        0xe MCAL/UART/UART.o
                0x00000660                UART_uint8_tGetByte
 .text.UART_uint8_tSendString
                0x0000066e       0x32 MCAL/UART/UART.o
                0x0000066e                UART_uint8_tSendString
 .text.UART_uint8_tGetString
                0x000006a0       0x38 MCAL/UART/UART.o
                0x000006a0                UART_uint8_tGetString
 .text.UART_IsDataReady
                0x000006d8        0xc MCAL/UART/UART.o
                0x000006d8                UART_IsDataReady
 .text.dummy_delay
                0x000006e4       0x54 utils.o
                0x000006e4                dummy_delay
                0x00000738                . = ALIGN (0x2)
 *(.fini9)
 .fini9         0x00000738        0x0 c:/program files (x86)/atmel/studio/7.0/toolchain/avr8/avr8-gnu-toolchain/bin/../lib/gcc/avr/5.4.0/avr5\libgcc.a(_exit.o)
                0x00000738                _exit
                0x00000738                exit
 *(.fini9)
 *(.fini8)
 *(.fini8)
 *(.fini7)
 *(.fini7)
 *(.fini6)
 *(.fini6)
 *(.fini5)
 *(.fini5)
 *(.fini4)
 *(.fini4)
 *(.fini3)
 *(.fini3)
 *(.fini2)
 *(.fini2)
 *(.fini1)
 *(.fini1)
 *(.fini0)
 .fini0         0x00000738        0x4 c:/program files (x86)/atmel/studio/7.0/toolchain/avr8/avr8-gnu-toolchain/bin/../lib/gcc/avr/5.4.0/avr5\libgcc.a(_exit.o)
 *(.fini0)
                0x0000073c                _etext = .

.data           0x00800060       0x86 load address 0x0000073c
                0x00800060                PROVIDE (__data_start, .)
 *(.data)
 *(.data*)
 *(.gnu.linkonce.d*)
 *(.rodata)
 *(.rodata*)
 .rodata.str1.1
                0x00800060       0x85 APP/App.o
 *(.gnu.linkonce.r*)
                0x008000e6                . = ALIGN (0x2)
 *fill*         0x008000e5        0x1 
                0x008000e6                _edata = .
                0x008000e6                PROVIDE (__data_end, .)

.bss            0x008000e6       0x2c
                0x008000e6                PROVIDE (__bss_start, .)
 *(.bss)
 *(.bss*)
 *(COMMON)
 COMMON         0x008000e6       0x2c APP/App.o
                0x008000e6                recieved
                0x008000e7                EEpromdata
                0x008000ec                EEpromPandata
                0x008000f6                check
                0x00800102                data
                0x00800111                recievedspi
                0x00800112                PROVIDE (__bss_end, .)
                0x0000073c                __data_load_start = LOADADDR (.data)
                0x000007c2                __data_load_end = (__data_load_start + SIZEOF (.data))

.noinit         0x00800112        0x0
                [!provide]                PROVIDE (__noinit_start, .)
 *(.noinit*)
                [!provide]                PROVIDE (__noinit_end, .)
                0x00800112                _end = .
                [!provide]                PROVIDE (__heap_start, .)

.eeprom         0x00810000        0x0
 *(.eeprom*)
                0x00810000                __eeprom_end = .

.fuse
 *(.fuse)
 *(.lfuse)
 *(.hfuse)
 *(.efuse)

.lock
 *(.lock*)

.signature
 *(.signature*)

.user_signatures
 *(.user_signatures*)

.stab
 *(.stab)

.stabstr
 *(.stabstr)

.stab.excl
 *(.stab.excl)

.stab.exclstr
 *(.stab.exclstr)

.stab.index
 *(.stab.index)

.stab.indexstr
 *(.stab.indexstr)

.comment        0x00000000       0x30
 *(.comment)
 .comment       0x00000000       0x30 APP/App.o
                                 0x31 (size before relaxing)
 .comment       0x00000030       0x31 APP/main.o
 .comment       0x00000030       0x31 HAL/EEPROM/EEPROM.o
 .comment       0x00000030       0x31 MCAL/DIO/DIO.o
 .comment       0x00000030       0x31 MCAL/I2C/I2C.o
 .comment       0x00000030       0x31 MCAL/SPI/SPI.o
 .comment       0x00000030       0x31 MCAL/UART/UART.o
 .comment       0x00000030       0x31 utils.o

.note.gnu.avr.deviceinfo
                0x00000000       0x3c
 .note.gnu.avr.deviceinfo
                0x00000000       0x3c C:/Program Files (x86)/Atmel/Studio/7.0/Packs/atmel/ATmega_DFP/1.6.364/gcc/dev/atmega32/avr5/crtatmega32.o

.note.gnu.build-id
 *(.note.gnu.build-id)

.debug
 *(.debug)

.line
 *(.line)

.debug_srcinfo
 *(.debug_srcinfo)

.debug_sfnames
 *(.debug_sfnames)

.debug_aranges  0x00000000      0x228
 *(.debug_aranges)
 .debug_aranges
                0x00000000       0x50 APP/App.o
 .debug_aranges
                0x00000050       0x20 APP/main.o
 .debug_aranges
                0x00000070       0x40 HAL/EEPROM/EEPROM.o
 .debug_aranges
                0x000000b0       0x50 MCAL/DIO/DIO.o
 .debug_aranges
                0x00000100       0x78 MCAL/I2C/I2C.o
 .debug_aranges
                0x00000178       0x38 MCAL/SPI/SPI.o
 .debug_aranges
                0x000001b0       0x48 MCAL/UART/UART.o
 .debug_aranges
                0x000001f8       0x30 utils.o

.debug_pubnames
 *(.debug_pubnames)

.debug_info     0x00000000     0x1db5
 *(.debug_info .gnu.linkonce.wi.*)
 .debug_info    0x00000000      0x4e6 C:/Program Files (x86)/Atmel/Studio/7.0/Packs/atmel/ATmega_DFP/1.6.364/gcc/dev/atmega32/avr5/crtatmega32.o
 .debug_info    0x000004e6      0x764 APP/App.o
 .debug_info    0x00000c4a       0xc3 APP/main.o
 .debug_info    0x00000d0d      0x49d HAL/EEPROM/EEPROM.o
 .debug_info    0x000011aa      0x32c MCAL/DIO/DIO.o
 .debug_info    0x000014d6      0x465 MCAL/I2C/I2C.o
 .debug_info    0x0000193b      0x144 MCAL/SPI/SPI.o
 .debug_info    0x00001a7f      0x1ac MCAL/UART/UART.o
 .debug_info    0x00001c2b      0x18a utils.o

.debug_abbrev   0x00000000      0xbd9
 *(.debug_abbrev)
 .debug_abbrev  0x00000000      0x4a3 C:/Program Files (x86)/Atmel/Studio/7.0/Packs/atmel/ATmega_DFP/1.6.364/gcc/dev/atmega32/avr5/crtatmega32.o
 .debug_abbrev  0x000004a3      0x163 APP/App.o
 .debug_abbrev  0x00000606       0x68 APP/main.o
 .debug_abbrev  0x0000066e       0xd5 HAL/EEPROM/EEPROM.o
 .debug_abbrev  0x00000743       0xc1 MCAL/DIO/DIO.o
 .debug_abbrev  0x00000804      0x121 MCAL/I2C/I2C.o
 .debug_abbrev  0x00000925       0xa3 MCAL/SPI/SPI.o
 .debug_abbrev  0x000009c8      0x13e MCAL/UART/UART.o
 .debug_abbrev  0x00000b06       0xd3 utils.o

.debug_line     0x00000000     0x1370
 *(.debug_line .debug_line.* .debug_line_end)
 .debug_line    0x00000000      0x116 C:/Program Files (x86)/Atmel/Studio/7.0/Packs/atmel/ATmega_DFP/1.6.364/gcc/dev/atmega32/avr5/crtatmega32.o
 .debug_line    0x00000116      0x3e8 APP/App.o
 .debug_line    0x000004fe       0x54 APP/main.o
 .debug_line    0x00000552      0x2e4 HAL/EEPROM/EEPROM.o
 .debug_line    0x00000836      0x457 MCAL/DIO/DIO.o
 .debug_line    0x00000c8d      0x31c MCAL/I2C/I2C.o
 .debug_line    0x00000fa9      0x111 MCAL/SPI/SPI.o
 .debug_line    0x000010ba      0x175 MCAL/UART/UART.o
 .debug_line    0x0000122f      0x141 utils.o

.debug_frame    0x00000000      0x45c
 *(.debug_frame)
 .debug_frame   0x00000000       0xb8 APP/App.o
 .debug_frame   0x000000b8       0x24 APP/main.o
 .debug_frame   0x000000dc       0xd0 HAL/EEPROM/EEPROM.o
 .debug_frame   0x000001ac       0x84 MCAL/DIO/DIO.o
 .debug_frame   0x00000230       0xe4 MCAL/I2C/I2C.o
 .debug_frame   0x00000314       0x54 MCAL/SPI/SPI.o
 .debug_frame   0x00000368       0xa0 MCAL/UART/UART.o
 .debug_frame   0x00000408       0x54 utils.o

.debug_str      0x00000000      0x7f0
 *(.debug_str)
 .debug_str     0x00000000      0x196 C:/Program Files (x86)/Atmel/Studio/7.0/Packs/atmel/ATmega_DFP/1.6.364/gcc/dev/atmega32/avr5/crtatmega32.o
 .debug_str     0x00000196      0x2f3 APP/App.o
                                0x31f (size before relaxing)
 .debug_str     0x00000489       0x13 APP/main.o
                                0x19b (size before relaxing)
 .debug_str     0x0000049c       0xe5 HAL/EEPROM/EEPROM.o
                                0x2ac (size before relaxing)
 .debug_str     0x00000581       0xb5 MCAL/DIO/DIO.o
                                0x25d (size before relaxing)
 .debug_str     0x00000636       0xf8 MCAL/I2C/I2C.o
                                0x2eb (size before relaxing)
 .debug_str     0x0000072e       0x2b MCAL/SPI/SPI.o
                                0x1f5 (size before relaxing)
 .debug_str     0x00000759       0x3f MCAL/UART/UART.o
                                0x204 (size before relaxing)
 .debug_str     0x00000798       0x58 utils.o
                                0x1da (size before relaxing)

.debug_loc      0x00000000     0x18e4
 *(.debug_loc)
 .debug_loc     0x00000000      0x22b APP/App.o
 .debug_loc     0x0000022b      0x779 HAL/EEPROM/EEPROM.o
 .debug_loc     0x000009a4      0x7c5 MCAL/DIO/DIO.o
 .debug_loc     0x00001169      0x49b MCAL/I2C/I2C.o
 .debug_loc     0x00001604       0x4c MCAL/SPI/SPI.o
 .debug_loc     0x00001650      0x13c MCAL/UART/UART.o
 .debug_loc     0x0000178c      0x158 utils.o

.debug_macinfo
 *(.debug_macinfo)

.debug_weaknames
 *(.debug_weaknames)

.debug_funcnames
 *(.debug_funcnames)

.debug_typenames
 *(.debug_typenames)

.debug_varnames
 *(.debug_varnames)

.debug_pubtypes
 *(.debug_pubtypes)

.debug_ranges   0x00000000      0x240
 *(.debug_ranges)
 .debug_ranges  0x00000000       0xa8 APP/App.o
 .debug_ranges  0x000000a8       0x10 APP/main.o
 .debug_ranges  0x000000b8       0x60 HAL/EEPROM/EEPROM.o
 .debug_ranges  0x00000118       0x40 MCAL/DIO/DIO.o
 .debug_ranges  0x00000158       0x68 MCAL/I2C/I2C.o
 .debug_ranges  0x000001c0       0x28 MCAL/SPI/SPI.o
 .debug_ranges  0x000001e8       0x38 MCAL/UART/UART.o
 .debug_ranges  0x00000220       0x20 utils.o

.debug_macro
 *(.debug_macro)
OUTPUT(CARD.elf elf32-avr)
LOAD linker stubs
